This is line 1.
This is line 2.
This is line 3.
Not line 1.
Not line 2.
Not line 3.
