This is line 1.
This is line 2.
Instead here is a different line.
This is line 3.
